{
    "key": "migration-not-required",
    "html": "",
    "nodes": [],
    "poll": false
}
