<iframe src="http://wordpress.test/?post_type=tec_calendar_embed&#038;p={ECE_ID}&#038;embed=1&#038;preview=true" width="{ECE_ID}0%" height="600" frameborder="0"></iframe>