<iframe src="http://wordpress.test/?tec_calendar_embed=ece&#038;embed=true" width="100%" height="600" frameborder="0"></iframe>