<a href="http://wordpress.test/wp-admin/term.php?taxonomy=tribe_events_cat&#038;tag_ID={CAT_ID}&#038;post_type=tribe_events">
				Cat1</a>, <a href="http://wordpress.test/wp-admin/term.php?taxonomy=tribe_events_cat&#038;tag_ID={CAT_ID}&#038;post_type=tribe_events">
				Cat2</a>
{COLUMN_DIVIDER}
<a href="http://wordpress.test/wp-admin/term.php?taxonomy=post_tag&#038;tag_ID={TAG_ID}&#038;post_type=post">
				Tag1</a>, <a href="http://wordpress.test/wp-admin/term.php?taxonomy=post_tag&#038;tag_ID={TAG_ID}&#038;post_type=post">
				Tag2</a>
{COLUMN_DIVIDER}
<div id="tec_events_calendar_embeds_snippet_{ECE_ID}" class="hidden">
	<div>
		<div class="tec-events-calendar-embeds__snippet-modal-text">
			Copy and paste this code to embed the calendar on your website:		</div>
		<textarea
			id="tec_events_calendar_embeds_snippet_code_{ECE_ID}"
			class="tec-events-calendar-embeds__snippet-modal-textarea"
			aria-label="Embed snippet code"
			rows="3"
			readonly>		&lt;iframe src=&quot;http://wordpress.test/?tec_calendar_embed=ece-static-slug-1&amp;#038;embed=true&quot;  width=&quot;100%&quot; height=&quot;1065&quot; style=&quot;max-width:100%;&quot; frameborder=&quot;0&quot; &gt;&lt;/iframe&gt;
		</textarea>
		<button
			class="button button-primary tec-events-calendar-embeds__snippet-modal-copy-button"
			aria-controls="tec_events_calendar_embeds_snippet_code_{ECE_ID}"
			data-clipboard-action="copy"
			data-clipboard-target="#tec_events_calendar_embeds_snippet_code_{ECE_ID}"
		>
			Copy Embed Snippet		</button>
	</div>
</div>
<a
	name="Embed Snippet"
	href="/?TB_inline&width=370&height=200&inlineId=tec_events_calendar_embeds_snippet_{ECE_ID}"
	class="thickbox button"
>
	Get Embed Snippet</a>
