<iframe src="http://wordpress.test/?tec_calendar_embed=ece-static-slug-1&#038;embed=true" width="100%" height="600" style="max-width:100%;" frameborder="0"></iframe>
{SNAPSHOT_DIVIDER}
<p><strong>Please save the embed to see the preview.</strong></p>