<p class="tec-elementor-event-widget__datetime" > <span class="tec-elementor-event-widget__datetime-date tec-elementor-event-widget__datetime-date--start" >July 4</span> <span class="tec-elementor-event-widget__datetime-date tec-elementor-event-widget__datetime-date--end" >July 5</span> </p> 