<p class="tec-elementor-event-widget__datetime" > <span class="tec-elementor-event-widget__datetime-date tec-elementor-event-widget__datetime-date--start" >July 3</span> <span class="tec-elementor-event-widget__datetime-separator" > - </span> <span class="tec-elementor-event-widget__datetime-time tec-elementor-event-widget__datetime-time--start" >8:00 PM</span> <span class="tec-elementor-event-widget__datetime-separator" > - </span> <span class="tec-elementor-event-widget__datetime-date tec-elementor-event-widget__datetime-date--end" >July 5</span> <span class="tec-elementor-event-widget__datetime-separator" > - </span> <span class="tec-elementor-event-widget__datetime-separator" > - </span> <span class="tec-elementor-event-widget__datetime-time tec-elementor-event-widget__datetime-time--end" >10:00 AM</span> </p> 