<h2 class="tec-elementor-event-widget__title" > Backup Title</h2> 