<p class="tec-elementor-event-widget__datetime" > <span class="tec-elementor-event-widget__datetime-date tec-elementor-event-widget__datetime-date--start" >July 4</span> <span class="tec-elementor-event-widget__datetime-separator" > - </span> <span class="tec-elementor-event-widget__datetime-time tec-elementor-event-widget__datetime-time--start" >10:00 AM</span> <span class="tec-elementor-event-widget__datetime--all-day" >All day</span> </p> 