<div class="tec-events-elementor-event-widget__organizer" > <h2 class="tec-events-elementor-event-widget__organizer-header" > Organizer</h2> <h2 class="tec-events-elementor-event-widget__organizer-name" > <a class="tec-events-elementor-event-widget__organizer-name-link" href="http://Organizer%203344"> Organizer 3344 </a> </h2> <div class="tec-events-elementor-event-widget__organizer-details" > <div class="tec-events-elementor-event-widget__organizer-phone-wrapper" > <h3 class="tec-events-elementor-event-widget__organizer-phone-header" > Phone</h3> <p class="tec-events-elementor-event-widget__organizer-phone" > 111223344 </p> </div> <div class="tec-events-elementor-event-widget__organizer-website-wrapper" > <h3 class="tec-events-elementor-event-widget__organizer-website-header" > Website</h3> <p class="tec-events-elementor-event-widget__organizer-website" ><a href="http://organizer.org" target="_self" rel="external">View Organizer Website</a></p> </div> <div class="tec-events-elementor-event-widget__organizer-email-wrapper" > <h3 class="tec-events-elementor-event-widget__organizer-email-header" > Email</h3> <p class="tec-events-elementor-event-widget__organizer-email" > &#111;&#114;g&#097;n&#105;&#122;e&#114;&#064;o&#114;&#103;aniz&#101;r&#046;&#111;&#114;&#103; </p> </div> </div> </div> 