<div class="tec-elementor-event-widget__tags" > <h4 class="tec-elementor-event-widget__tags-label" class="tec-events-pro-event-tags-label"> Event Tags:</h4> <div class="tec-elementor-event-widget__tags-links" > <a class="tec-elementor-event-widget__tags-link" href="http://example.com">example_tag</a> </div> </div> 