 <div class="tec-elementor-event-widget__categories" > <h4 class="tec-elementor-event-widget__categories-label" >Event Categories:</h4> <div class="tec-elementor-event-widget__categories-link-wrapper" > </div> </div> 