<nav class="tec-elementor-event-widget__navigation" > <h3 class="tec-elementor-event-widget__navigation--header tribe-common-a11y-visual-hide" > Event Navigation</h3> <ul class="tec-elementor-event-widget__navigation--subnav" > <li class="tec-elementor-event-widget__navigation--previous" > <a href="http://theeventscalendar.com/prev"> <svg xmlns="http://www.w3.org/2000/svg"><path d="M11.916 17.841L10 19.757l-9.9-9.9L10-.041l1.916 1.916-7.983 7.984z" /></svg> Single Event 1 </a> </li> <li class="tec-elementor-event-widget__navigation--next" > <a href="/"> Single Event 2 <svg xmlns="http://www.w3.org/2000/svg"><path d="M.084 2.159L2 .243l9.9 9.9L2 20.041.084 18.126l7.983-7.984z" /></svg> </a> </li> </ul> </nav> 