<div class="tec-elementor-event-widget__tags" > <div class="tec-elementor-event-widget__tags-links" > <a class="tec-elementor-event-widget__tags-link" href="http://example.com">example_tag</a> </div> </div> 