<div class="tec-events-elementor-event-widget__organizer" > <h2 class="tec-events-elementor-event-widget__organizer-header" > Organizer</h2> <div class="tec-events-elementor-event-widget__organizer-details" > <div class="tec-events-elementor-event-widget__organizer-phone-wrapper" > <h3 class="tec-events-elementor-event-widget__organizer-phone-header" > Phone</h3> <p class="tec-events-elementor-event-widget__organizer-phone" > 111223344 </p> </div> <div class="tec-events-elementor-event-widget__organizer-website-wrapper" > <h3 class="tec-events-elementor-event-widget__organizer-website-header" > Website</h3> <p class="tec-events-elementor-event-widget__organizer-website" ><a href="http://organizer.org" target="_self" rel="external">View Organizer Website</a></p> </div> <div class="tec-events-elementor-event-widget__organizer-email-wrapper" > <h3 class="tec-events-elementor-event-widget__organizer-email-header" > Email</h3> <p class="tec-events-elementor-event-widget__organizer-email" > o&#114;&#103;&#097;&#110;i&#122;er&#064;&#111;&#114;ga&#110;i&#122;er&#046;or&#103; </p> </div> </div> </div> 