<div class="tec-elementor-event-widget__organizer" > <h2 class="tribe-events-single-section-title tec-elementor-event-widget__organizer-header" > Organizer</h2> </div> 