<p class="tec-elementor-event-widget__cost" > $10.00 - $100.00</p> 