<p class="tec-elementor-event-widget__cost" > Free - $100.00</p> 