<div class="tec-elementor-event-widget__website" > <h3 class="tec-elementor-event-widget__website-label" > Event Website: </h3> <div class="tec-elementor-event-widget__website-link" > <a href="http://theeventscalendar.com">link</a> </div> </div> 