<div class="tec-elementor-event-widget__tags" > <h3 class="tec-elementor-event-widget__tags-label" class="tec-events-pro-event-tags-label"> Event Tags:</h3> <div class="tec-elementor-event-widget__tags-links" > <a class="tec-elementor-event-widget__tags-link" href="http://filtered.com">filtered_tag</a> </div> </div> 