<p class="tec-events-elementor-event-widget__cost" > $10</p> 