<div class="tec-elementor-event-widget__website" > <p class="tec-elementor-event-widget__website-label" > Event Website: </p> <div class="tec-elementor-event-widget__website-link" > <a href="http://theeventscalendar.com">link</a> </div> </div> 