<div class="tec-elementor-event-widget__tags" > <h3 class="tec-elementor-event-widget__tags-label" class="tec-events-pro-event-tags-label"> Filtered Title</h3> <div class="tec-elementor-event-widget__tags-links" > <a class="tec-elementor-event-widget__tags-link" href="http://example.com">example_tag</a> </div> </div> 