<h1 class="tec-elementor-event-widget__title" > Filtered Title</h1> 