<p class="tec-elementor-event-widget__cost" > $20.00</p> 