<div class="tec-events-elementor-event-widget__organizer" > <h2 class="tec-events-elementor-event-widget__organizer-header" > Organizer</h2> <h2 class="tec-events-elementor-event-widget__organizer-name" > <a class="tec-events-elementor-event-widget__organizer-name-link" href="http://Organizer%203344"> Organizer 3344 </a> </h2> <div class="tec-events-elementor-event-widget__organizer-details" > <div class="tec-events-elementor-event-widget__organizer-phone-wrapper" > <h3 class="tec-events-elementor-event-widget__organizer-phone-header" > Phone</h3> <p class="tec-events-elementor-event-widget__organizer-phone" > 111223344 </p> </div> <div class="tec-events-elementor-event-widget__organizer-email-wrapper" > <h3 class="tec-events-elementor-event-widget__organizer-email-header" > Email</h3> <p class="tec-events-elementor-event-widget__organizer-email" > or&#103;a&#110;i&#122;&#101;&#114;&#064;o&#114;ga&#110;ize&#114;&#046;&#111;&#114;g </p> </div> </div> </div> 