<div class="tec-events-elementor-event-widget__organizer" > <h2 class="tec-events-elementor-event-widget__organizer-header" > Organizer</h2> <h2 class="tec-events-elementor-event-widget__organizer-name" > Organizer 3344 </h2> <div class="tec-events-elementor-event-widget__organizer-details" > <div class="tec-events-elementor-event-widget__organizer-phone-wrapper" > <h3 class="tec-events-elementor-event-widget__organizer-phone-header" > Phone</h3> <p class="tec-events-elementor-event-widget__organizer-phone" > 111223344 </p> </div> <div class="tec-events-elementor-event-widget__organizer-website-wrapper" > <h3 class="tec-events-elementor-event-widget__organizer-website-header" > Website</h3> <p class="tec-events-elementor-event-widget__organizer-website" ><a href="http://organizer.org" target="_self" rel="external">View Organizer Website</a></p> </div> <div class="tec-events-elementor-event-widget__organizer-email-wrapper" > <h3 class="tec-events-elementor-event-widget__organizer-email-header" > Email</h3> <p class="tec-events-elementor-event-widget__organizer-email" > o&#114;&#103;an&#105;&#122;&#101;r&#064;o&#114;&#103;&#097;ni&#122;&#101;r&#046;org </p> </div> </div> </div> 