<div class="tec-elementor-event-widget__description" > <p>Filtered Content</p></div> 