<div class="tec-elementor-event-widget__organizer" > <h2 class="tribe-events-single-section-title tec-elementor-event-widget__organizer-header" > Organizer</h2> <h4 class="tec-elementor-event-widget__organizer-name" > <a class="tec-elementor-event-widget__organizer-name-link" href="http://Organizer%203344"> Organizer 3344 </a> </h4> <div class="tec-elementor-event-widget__organizer-details" > <div class="tec-elementor-event-widget__organizer-phone" > <h1 class="tec-elementor-event-widget__organizer-phone-label" > Phone</h1> <p class="tec-elementor-event-widget__organizer-phone" >111223344</p> </div> <div class="tec-elementor-event-widget__organizer-email" > <h3 class="tec-elementor-event-widget__organizer-email-label" > Email</h3> <p class="tec-elementor-event-widget__organizer-email" >organizer@organizer.org</p> </div> <div class="tec-elementor-event-widget__organizer-website" > <h3 class="tec-elementor-event-widget__organizer-website-label" > Website</h3> <p class="tec-elementor-event-widget__organizer-website" ><a href="http://organizer.org" target="_self" rel="external">View Organizer Website</a></p> </div> </div> </div> 